*** xkcd.com ***
I'm a Car
Autor: Joe Done

Carnot Cycle
Autor: Black Betty

Barnard's Star
Autor: John Doe; Jane Doe

Tectonics Game
Autor: John Doe; Jane Doe
