*** xkcd.com ***
I'm a Car
URL: https://xkcd.com/2064/

Carnot Cycle
URL: https://xkcd.com/2063/
