*** xkcd.com ***
I'm a Car
Carnot Cycle
Barnard's Star
Tectonics Game
