*** WriteTheWeb ***
Giving the world a pluggable Gnutella
Syndication discussions hot up
Personal web server integrates file sharing and messaging
Syndication and Metadata
UK bloggers get organised
Yournamehere.com more important than anything
