*** Scripting News ***
Law and Order
Rule 1
Really early morning no-coffee notes
