*** XML.com ***
Processing Inclusions with XSLT
URL: http://xml.com/pub/2000/08/09/xslt/xslt.html
Aktualizace: 
Autor: 

Putting RDF to Work
URL: http://xml.com/pub/2000/08/09/rdfdb/index.html
Aktualizace: 2000-01-01T12:00+00:00
Autor: Rael Dornfest (mailto:rael@oreilly.com)
