*** XML.com ***
Processing Inclusions with XSLT
Putting RDF to Work
