*** XML.com ***
Processing Inclusions with XSLT
Autor: 

Putting RDF to Work
Autor: Rael Dornfest (mailto:rael@oreilly.com)
