*** Scripting News ***
Law and Order
URL: http://scriptingnews.userland.com/backissues/2002/09/29#lawAndOrder
Aktualizace: Sun, 29 Sep 2002 23:48:33 GMT

Rule 1
URL: http://scriptingnews.userland.com/backissues/2002/09/29#rule1
Aktualizace: Sun, 29 Sep 2002 17:24:20 GMT

Really early morning no-coffee notes
URL: http://scriptingnews.userland.com/backissues/2002/09/29#reallyEarlyMorningNocoffeeNotes
Aktualizace: Sun, 29 Sep 2002 11:13:10 GMT