*** Scripting News ***
Law and Order
Aktualizace: Sun, 29 Sep 2002 23:48:33 GMT

Rule 1
Aktualizace: Sun, 29 Sep 2002 17:24:20 GMT

Really early morning no-coffee notes
Aktualizace: Sun, 29 Sep 2002 11:13:10 GMT