*** xkcd.com ***
I'm a Car

*** xkcd.com ***
I'm a Car

*** xkcd.com ***
I'm a Car

*** xkcd.com ***
I'm a Car
